ASxxxx Linker V03.00 + NoICE + sdld,  page 1.
Hexadecimal  [32-Bits]

Area                                    Addr        Size        Decimal Bytes (Attributes)
--------------------------------        ----        ----        ------- ----- ------------
XABS2                               00000000    00000004 =           4. bytes (ABS,CON,XDATA)

      Value  Global                              Global Defined In Module
      -----  --------------------------------   ------------------------
D:   00000000  l_BSEG                          
D:   00000000  l_BSEG_BYTES                    
D:   00000000  l_CABS                          
D:   00000000  l_GSINIT1                       
D:   00000000  l_GSINIT5                       
D:   00000000  l_IABS                          
D:   00000000  l_ISEG                          
D:   00000000  l_OSEG                          
D:   00000000  l_PSEG                          
D:   00000000  l_REG_BANK_1                    
D:   00000000  l_REG_BANK_2                    
D:   00000000  l_REG_BANK_3                    
D:   00000000  l_RSEG                          
D:   00000000  l_RSEG0                         
D:   00000000  l_RSEG1                         
D:   00000000  l_XABS                          
D:   00000000  l__CODE                         
D:   00000000  s_BSEG                          
D:   00000000  s_CABS                          
D:   00000000  s_DSEG                          
D:   00000000  s_HOME                          
D:   00000000  s_IABS                          
D:   00000000  s_ISEG                          
D:   00000000  s_PSEG                          
D:   00000000  s_REG_BANK_0                    
D:   00000000  s_RSEG                          
D:   00000000  s_RSEG0                         
D:   00000000  s_RSEG1                         
D:   00000000  s_XABS                          
D:   00000000  s_XABS2                         
D:   00000000  s_XSEG                          
D:   00000001  l_BIT_BANK                      
D:   00000003  l_GSFINAL                       
D:   00000003  l_GSINIT0                       
D:   00000004  l_XABS2                         
D:   00000008  l_REG_BANK_0                    
D:   00000008  s_REG_BANK_1                    
D:   0000000A  l_GSINIT2                       
D:   00000010  s_REG_BANK_2                    
D:   00000018  s_REG_BANK_3                    
D:   00000020  s_BIT_BANK                      
D:   00000020  s_BSEG_BYTES                    
D:   00000020  s_OSEG                          
D:   00000020  s__CODE                         
D:   00000021  s_SSEG                          
D:   00000022  l_GSINIT                        
D:   00000022  l_GSINIT3                       
D:   0000002A  l_GSINIT4                       
D:   00000074  l_DSEG                          
D:   000000DF  l_SSEG                          
ASxxxx Linker V03.00 + NoICE + sdld,  page 2.
Hexadecimal  [32-Bits]

Area                                    Addr        Size        Decimal Bytes (Attributes)
--------------------------------        ----        ----        ------- ----- ------------
XABS2                               00000000    00000004 =           4. bytes (ABS,CON,XDATA)

      Value  Global                              Global Defined In Module
      -----  --------------------------------   ------------------------
D:   00000100  l_IRAM                          
D:   00000168  l_XINIT                         
D:   00000168  l_XISEG                         
D:   000001F8  l_CONST                         
D:   00000FA8  l_XSEG                          
D:   00000FAC  s_XISEG                         
D:   00002967  l_CSEG                          
D:   00003222  l_BANK4                         
D:   000052B8  l_HOME                          
D:   000052B8  s_GSINIT0                       
D:   000052BB  s_GSINIT1                       
D:   000052BB  s_GSINIT2                       
D:   000052C5  s_GSINIT3                       
D:   000052E7  s_GSINIT4                       
D:   00005311  s_GSINIT                        
D:   00005311  s_GSINIT5                       
D:   00005333  s_GSFINAL                       
D:   00005336  s_CSEG                          
D:   00007C9D  s_CONST                         
D:   00007E95  s_XINIT                         
D:   00007FFC  l_BANK2                         
D:   00007FFE  l_BANK1                         
D:   00007FFF  l_BANK3                         
D:   00018000  s_BANK1                         
D:   00028000  s_BANK2                         
D:   00038000  s_BANK3                         
D:   00048000  s_BANK4                         

ASxxxx Linker V03.00 + NoICE + sdld,  page 3.
Hexadecimal  [32-Bits]

Area                                    Addr        Size        Decimal Bytes (Attributes)
--------------------------------        ----        ----        ------- ----- ------------
.  .ABS.                            00000000    00000000 =           0. bytes (ABS,CON)

      Value  Global                              Global Defined In Module
      -----  --------------------------------   ------------------------
     00000000  .__.ABS.                           framer
     00000080  _P0                                framer
     00000080  _P0_0                              framer
     00000081  _P0_1                              framer
     00000081  _SP                                framer
     00000082  _DPL0                              framer
     00000082  _P0_2                              framer
     00000083  _DPH0                              framer
     00000083  _P0_3                              framer
     00000084  _DPL1                              framer
     00000084  _P0_4                              framer
     00000085  _DPH1                              framer
     00000085  _P0_5                              framer
     00000086  _P0_6                              framer
     00000086  _U0CSR                             framer
     00000087  _P0_7                              framer
     00000087  _PCON                              framer
     00000088  _IT0                               framer
     00000088  _TCON                              framer
     00000089  _P0IFG                             framer
     00000089  _RFERRIF                           framer
     0000008A  _IT1                               framer
     0000008A  _P1IFG                             framer
     0000008B  _P2IFG                             framer
     0000008B  _URX0IF                            framer
     0000008C  _PICTL                             framer
     0000008D  _ADCIF                             framer
     0000008D  _P1IEN                             framer
     0000008F  _P0INP                             framer
     0000008F  _URX1IF                            framer
     00000090  _P1                                framer
     00000090  _P1_0                              framer
     00000091  _P1_1                              framer
     00000091  _RFIRQF1                           framer
     00000092  _DPS                               framer
     00000092  _P1_2                              framer
     00000093  _MPAGE                             framer
     00000093  _P1_3                              framer
     00000093  __XPAGE                            framer
     00000094  _P1_4                              framer
     00000094  _T2CTRL                            framer
     00000095  _P1_5                              framer
     00000095  _ST0                               framer
     00000096  _P1_6                              framer
     00000096  _ST1                               framer
     00000097  _P1_7                              framer
     00000097  _ST2                               framer
     00000098  _ENCIF_0                           framer
     00000098  _S0CON                             framer
     00000099  _ENCIF_1                           framer
ASxxxx Linker V03.00 + NoICE + sdld,  page 4.
Hexadecimal  [32-Bits]

Area                                    Addr        Size        Decimal Bytes (Attributes)
--------------------------------        ----        ----        ------- ----- ------------
.  .ABS.                            00000000    00000000 =           0. bytes (ABS,CON)

      Value  Global                              Global Defined In Module
      -----  --------------------------------   ------------------------
     0000009A  _IEN2                              framer
     0000009B  _S1CON                             framer
     0000009C  _T2EVTCFG                          framer
     0000009D  _SLEEPSTA                          framer
     0000009E  _CLKCONSTA                         framer
     0000009F  _FMAP                              framer
     0000009F  _PSBANK                            framer
     000000A0  _P2                                framer
     000000A0  _P2_0                              framer
     000000A1  _P2_1                              framer
     000000A1  _T2IRQF                            framer
     000000A2  _P2_2                              framer
     000000A2  _T2M0                              framer
     000000A3  _P2_3                              framer
     000000A3  _T2M1                              framer
     000000A4  _P2_4                              framer
     000000A4  _T2MOVF0                           framer
     000000A5  _P2_5                              framer
     000000A5  _T2MOVF1                           framer
     000000A6  _P2_6                              framer
     000000A6  _T2MOVF2                           framer
     000000A7  _P2_7                              framer
     000000A7  _T2IRQM                            framer
     000000A8  _IEN0                              framer
     000000A8  _RFERRIE                           framer
     000000A9  _ADCIE                             framer
     000000A9  _IP0                               framer
     000000AA  _URX0IE                            framer
     000000AB  _P0IEN                             framer
     000000AB  _URX1IE                            framer
     000000AC  _ENCIE                             framer
     000000AC  _P2IEN                             framer
     000000AD  _STIE                              framer
     000000AD  _STLOAD                            framer
     000000AE  _PMUX                              framer
     000000AF  _EA                                framer
     000000AF  _T1STAT                            framer
     000000B1  _ENCDI                             framer
     000000B2  _ENCDO                             framer
     000000B3  _ENCCS                             framer
     000000B4  _ADCCON1                           framer
     000000B5  _ADCCON2                           framer
     000000B6  _ADCCON3                           framer
     000000B8  _DMAIE                             framer
     000000B8  _IEN1                              framer
     000000B9  _IP1                               framer
     000000B9  _T1IE                              framer
     000000BA  _ADCL                              framer
     000000BA  _T2IE                              framer
     000000BB  _ADCH                              framer
     000000BB  _T3IE                              framer
ASxxxx Linker V03.00 + NoICE + sdld,  page 5.
Hexadecimal  [32-Bits]

Area                                    Addr        Size        Decimal Bytes (Attributes)
--------------------------------        ----        ----        ------- ----- ------------
.  .ABS.                            00000000    00000000 =           0. bytes (ABS,CON)

      Value  Global                              Global Defined In Module
      -----  --------------------------------   ------------------------
     000000BC  _RNDL                              framer
     000000BC  _T4IE                              framer
     000000BD  _P0IE                              framer
     000000BD  _RNDH                              framer
     000000BE  _SLEEPCMD                          framer
     000000BF  _RFERRF                            framer
     000000C0  _DMAIF                             framer
     000000C0  _IRCON                             framer
     000000C1  _T1IF                              framer
     000000C1  _U0DBUF                            framer
     000000C2  _T2IF                              framer
     000000C2  _U0BAUD                            framer
     000000C3  _T2MSEL                            framer
     000000C3  _T3IF                              framer
     000000C4  _T4IF                              framer
     000000C4  _U0UCR                             framer
     000000C5  _P0IF                              framer
     000000C5  _U0GCR                             framer
     000000C6  _CLKCONCMD                         framer
     000000C7  _MEMCTR                            framer
     000000C7  _STIF                              framer
     000000C9  _WDCTL                             framer
     000000CA  _T3CNT                             framer
     000000CB  _T3CTL                             framer
     000000CC  _T3CCTL0                           framer
     000000CD  _T3CC0                             framer
     000000CE  _T3CCTL1                           framer
     000000CF  _T3CC1                             framer
     000000D0  _P                                 framer
     000000D0  _PSW                               framer
     000000D1  _DMAIRQ                            framer
     000000D1  _F1                                framer
     000000D2  _DMA1CFGL                          framer
     000000D2  _OV                                framer
     000000D3  _DMA1CFGH                          framer
     000000D3  _RS0                               framer
     000000D4  _DMA0CFGL                          framer
     000000D4  _RS1                               framer
     000000D5  _DMA0CFGH                          framer
     000000D5  _F0                                framer
     000000D6  _AC                                framer
     000000D6  _DMAARM                            framer
     000000D7  _CY                                framer
     000000D7  _DMAREQ                            framer
     000000D8  _T3OVFIF                           framer
     000000D8  _TIMIF                             framer
     000000D9  _RFD                               framer
     000000D9  _T3CH0IF                           framer
     000000DA  _T1CC0L                            framer
     000000DA  _T3CH1IF                           framer
     000000DB  _T1CC0H                            framer
ASxxxx Linker V03.00 + NoICE + sdld,  page 6.
Hexadecimal  [32-Bits]

Area                                    Addr        Size        Decimal Bytes (Attributes)
--------------------------------        ----        ----        ------- ----- ------------
.  .ABS.                            00000000    00000000 =           0. bytes (ABS,CON)

      Value  Global                              Global Defined In Module
      -----  --------------------------------   ------------------------
     000000DB  _T4OVFIF                           framer
     000000DC  _T1CC1L                            framer
     000000DC  _T4CH0IF                           framer
     000000DD  _T1CC1H                            framer
     000000DD  _T4CH1IF                           framer
     000000DE  _OVFIM                             framer
     000000DE  _T1CC2L                            framer
     000000DF  _T1CC2H                            framer
     000000E0  _ACC                               framer
     000000E0  _ACC_0                             framer
     000000E1  _ACC_1                             framer
     000000E1  _RFST                              framer
     000000E2  _ACC_2                             framer
     000000E2  _T1CNTL                            framer
     000000E3  _ACC_3                             framer
     000000E3  _T1CNTH                            framer
     000000E4  _ACC_4                             framer
     000000E4  _T1CTL                             framer
     000000E5  _ACC_5                             framer
     000000E5  _T1CCTL0                           framer
     000000E6  _ACC_6                             framer
     000000E6  _T1CCTL1                           framer
     000000E7  _ACC_7                             framer
     000000E7  _T1CCTL2                           framer
     000000E8  _IRCON2                            framer
     000000E8  _P2IF                              framer
     000000E9  _RFIRQF0                           framer
     000000E9  _UTX0IF                            framer
     000000EA  _T4CNT                             framer
     000000EA  _UTX1IF                            framer
     000000EB  _P1IF                              framer
     000000EB  _T4CTL                             framer
     000000EC  _T4CCTL0                           framer
     000000EC  _WDTIF                             framer
     000000ED  _T4CC0                             framer
     000000EE  _T4CCTL1                           framer
     000000EF  _T4CC1                             framer
     000000F0  _B                                 framer
     000000F0  _B_0                               framer
     000000F1  _B_1                               framer
     000000F1  _PERCFG                            framer
     000000F2  _APCFG                             framer
     000000F2  _B_2                               framer
     000000F3  _B_3                               framer
     000000F3  _P0SEL                             framer
     000000F4  _B_4                               framer
     000000F4  _P1SEL                             framer
     000000F5  _B_5                               framer
     000000F5  _P2SEL                             framer
     000000F6  _B_6                               framer
     000000F6  _P1INP                             framer
ASxxxx Linker V03.00 + NoICE + sdld,  page 7.
Hexadecimal  [32-Bits]

Area                                    Addr        Size        Decimal Bytes (Attributes)
--------------------------------        ----        ----        ------- ----- ------------
.  .ABS.                            00000000    00000000 =           0. bytes (ABS,CON)

      Value  Global                              Global Defined In Module
      -----  --------------------------------   ------------------------
     000000F7  _B_7                               framer
     000000F7  _P2INP                             framer
     000000F8  _ACTIVE                            framer
     000000F8  _U1CSR                             framer
     000000F9  _TX_BYTE                           framer
     000000F9  _U1DBUF                            framer
     000000FA  _RX_BYTE                           framer
     000000FA  _U1BAUD                            framer
     000000FB  _ERR                               framer
     000000FB  _U1UCR                             framer
     000000FC  _FE                                framer
     000000FC  _U1GCR                             framer
     000000FD  _P0DIR                             framer
     000000FD  _SLAVE                             framer
     000000FE  _P1DIR                             framer
     000000FE  _RE                                framer
     000000FF  _MODE                              framer
     000000FF  _P2DIR                             framer
     00006000  _RFCORE_RAM                        framer
     00006000  _RXFIFO                            framer
     00006080  _TXFIFO                            framer
     00006100  _SRC_ADDR_TABLE                    framer
     00006160  _SRCRESMASK0                       framer
     00006161  _SRCRESMASK1                       framer
     00006162  _SRCRESMASK2                       framer
     00006163  _SRCRESINDEX                       framer
     00006164  _SRCEXTPENDEN0                     framer
     00006165  _SRCEXTPENDEN1                     framer
     00006166  _SRCEXTPENDEN2                     framer
     00006167  _SRCSHORTPENDEN0                   framer
     00006168  _SRCSHORTPENDEN1                   framer
     00006169  _SRCSHORTPENDEN2                   framer
     0000616A  _EXT_ADDR0                         framer
     0000616B  _EXT_ADDR1                         framer
     0000616C  _EXT_ADDR2                         framer
     0000616D  _EXT_ADDR3                         framer
     0000616E  _EXT_ADDR4                         framer
     0000616F  _EXT_ADDR5                         framer
     00006170  _EXT_ADDR6                         framer
     00006171  _EXT_ADDR7                         framer
     00006172  _PAN_ID0                           framer
     00006173  _PAN_ID1                           framer
     00006174  _SHORT_ADDR0                       framer
     00006175  _SHORT_ADDR1                       framer
     00006180  _FRMFILT0                          framer
     00006181  _FRMFILT1                          framer
     00006182  _SRCMATCH                          framer
     00006183  _SRCSHORTEN0                       framer
     00006184  _SRCSHORTEN1                       framer
     00006185  _SRCSHORTEN2                       framer
     00006186  _SRCEXTEN0                         framer
ASxxxx Linker V03.00 + NoICE + sdld,  page 8.
Hexadecimal  [32-Bits]

Area                                    Addr        Size        Decimal Bytes (Attributes)
--------------------------------        ----        ----        ------- ----- ------------
.  .ABS.                            00000000    00000000 =           0. bytes (ABS,CON)

      Value  Global                              Global Defined In Module
      -----  --------------------------------   ------------------------
     00006187  _SRCEXTEN1                         framer
     00006188  _SRCEXTEN2                         framer
     00006189  _FRMCTRL0                          framer
     0000618A  _FRMCTRL1                          framer
     0000618B  _RXENABLE                          framer
     0000618C  _RXMASKSET                         framer
     0000618D  _RXMASKCLR                         framer
     0000618E  _FREQTUNE                          framer
     0000618F  _FREQCTRL                          framer
     00006190  _TXPOWER                           framer
     00006191  _TXCTRL                            framer
     00006192  _FSMSTAT0                          framer
     00006193  _FSMSTAT1                          framer
     00006194  _FIFOPCTRL                         framer
     00006195  _FSMCTRL                           framer
     00006196  _CCACTRL0                          framer
     00006197  _CCACTRL1                          framer
     00006198  _RSSI                              framer
     00006199  _RSSISTAT                          framer
     0000619A  _RXFIRST                           framer
     0000619B  _RXFIFOCNT                         framer
     0000619C  _TXFIFOCNT                         framer
     0000619D  _RXFIRST_PTR                       framer
     0000619E  _RXLAST_PTR                        framer
     0000619F  _RXP1_PTR                          framer
     000061A1  _TXFIRST_PTR                       framer
     000061A2  _TXLAST_PTR                        framer
     000061A3  _RFIRQM0                           framer
     000061A4  _RFIRQM1                           framer
     000061A5  _RFERRM                            framer
     000061A6  _MONMUX                            framer
     000061A6  _OPAMPMC                           framer
     000061A7  _RFRND                             framer
     000061A8  _MDMCTRL0                          framer
     000061A9  _MDMCTRL1                          framer
     000061AA  _FREQEST                           framer
     000061AB  _RXCTRL                            framer
     000061AC  _FSCTRL                            framer
     000061AD  _FSCAL0                            framer
     000061AE  _FSCAL1                            framer
     000061AF  _FSCAL2                            framer
     000061B0  _FSCAL3                            framer
     000061B1  _AGCCTRL0                          framer
     000061B2  _AGCCTRL1                          framer
     000061B3  _AGCCTRL2                          framer
     000061B4  _AGCCTRL3                          framer
     000061B5  _ADCTEST0                          framer
     000061B6  _ADCTEST1                          framer
     000061B7  _ADCTEST2                          framer
     000061B8  _MDMTEST0                          framer
     000061B9  _MDMTEST1                          framer
ASxxxx Linker V03.00 + NoICE + sdld,  page 9.
Hexadecimal  [32-Bits]

Area                                    Addr        Size        Decimal Bytes (Attributes)
--------------------------------        ----        ----        ------- ----- ------------
.  .ABS.                            00000000    00000000 =           0. bytes (ABS,CON)

      Value  Global                              Global Defined In Module
      -----  --------------------------------   ------------------------
     000061BA  _DACTEST0                          framer
     000061BB  _DACTEST1                          framer
     000061BC  _DACTEST2                          framer
     000061BD  _ATEST                             framer
     000061BE  _PTEST0                            framer
     000061BF  _PTEST1                            framer
     000061C0  _CSPPROG0                          framer
     000061C1  _CSPPROG1                          framer
     000061C2  _CSPPROG2                          framer
     000061C3  _CSPPROG3                          framer
     000061C4  _CSPPROG4                          framer
     000061C5  _CSPPROG5                          framer
     000061C6  _CSPPROG6                          framer
     000061C7  _CSPPROG7                          framer
     000061C8  _CSPPROG8                          framer
     000061C9  _CSPPROG9                          framer
     000061CA  _CSPPROG10                         framer
     000061CB  _CSPPROG11                         framer
     000061CC  _CSPPROG12                         framer
     000061CD  _CSPPROG13                         framer
     000061CE  _CSPPROG14                         framer
     000061CF  _CSPPROG15                         framer
     000061D0  _CSPPROG16                         framer
     000061D1  _CSPPROG17                         framer
     000061D2  _CSPPROG18                         framer
     000061D3  _CSPPROG19                         framer
     000061D4  _CSPPROG20                         framer
     000061D5  _CSPPROG21                         framer
     000061D6  _CSPPROG22                         framer
     000061D7  _CSPPROG23                         framer
     000061E0  _CSPCTRL                           framer
     000061E1  _CSPSTAT                           framer
     000061E2  _CSPX                              framer
     000061E3  _CSPY                              framer
     000061E4  _CSPZ                              framer
     000061E5  _CSPT                              framer
     000061EB  _RFC_OBS_CTRL0                     framer
     000061EC  _RFC_OBS_CTRL1                     framer
     000061ED  _RFC_OBS_CTRL2                     framer
     000061FA  _TXFILTCFG                         framer
     00006200  _USBADDR                           framer
     00006201  _USBPOW                            framer
     00006202  _USBIIF                            framer
     00006204  _USBOIF                            framer
     00006206  _USBCIF                            framer
     00006207  _USBIIE                            framer
     00006209  _USBOIE                            framer
     0000620B  _USBCIE                            framer
     0000620C  _USBFRML                           framer
     0000620D  _USBFRMH                           framer
     0000620E  _USBINDEX                          framer
ASxxxx Linker V03.00 + NoICE + sdld,  page 10.
Hexadecimal  [32-Bits]

Area                                    Addr        Size        Decimal Bytes (Attributes)
--------------------------------        ----        ----        ------- ----- ------------
.  .ABS.                            00000000    00000000 =           0. bytes (ABS,CON)

      Value  Global                              Global Defined In Module
      -----  --------------------------------   ------------------------
     0000620F  _USBCTRL                           framer
     00006210  _USBMAXI                           framer
     00006211  _USBCS0                            framer
     00006211  _USBCSIL                           framer
     00006212  _USBCSIH                           framer
     00006213  _USBMAXO                           framer
     00006214  _USBCSOL                           framer
     00006215  _USBCSOH                           framer
     00006216  _USBCNT0                           framer
     00006216  _USBCNTL                           framer
     00006217  _USBCNTH                           framer
     00006220  _USBF0                             framer
     00006222  _USBF1                             framer
     00006224  _USBF2                             framer
     00006226  _USBF3                             framer
     00006228  _USBF4                             framer
     0000622A  _USBF5                             framer
     00006230  _I2CCFG                            framer
     00006231  _I2CSTAT                           framer
     00006232  _I2CDATA                           framer
     00006233  _I2CADDR                           framer
     00006234  _I2CWC                             framer
     00006235  _I2CIO                             framer
     00006243  _OBSSEL0                           framer
     00006244  _OBSSEL1                           framer
     00006245  _OBSSEL2                           framer
     00006246  _OBSSEL3                           framer
     00006247  _OBSSEL4                           framer
     00006248  _OBSSEL5                           framer
     00006249  _CHVER                             framer
     0000624A  _CHIPID                            framer
     0000624B  _TESTREG0                          framer
     00006260  _DBGDATA                           framer
     00006262  _SRCRC                             framer
     00006264  _BATTMON                           framer
     00006265  _IVCTRL                            framer
     00006270  _FCTL                              framer
     00006271  _FADDRL                            framer
     00006272  _FADDRH                            framer
     00006273  _FWDATA                            framer
     00006276  _CHIPINFO0                         framer
     00006277  _CHIPINFO1                         framer
     00006281  _IRCTL                             framer
     00006290  _CLD                               framer
     000062A0  _XX_T1CCTL0                        framer
     000062A1  _XX_T1CCTL1                        framer
     000062A2  _XX_T1CCTL2                        framer
     000062A3  _T1CCTL3                           framer
     000062A4  _T1CCTL4                           framer
     000062A6  _XX_T1CC0L                         framer
     000062A7  _XX_T1CC0H                         framer
ASxxxx Linker V03.00 + NoICE + sdld,  page 11.
Hexadecimal  [32-Bits]

Area                                    Addr        Size        Decimal Bytes (Attributes)
--------------------------------        ----        ----        ------- ----- ------------
.  .ABS.                            00000000    00000000 =           0. bytes (ABS,CON)

      Value  Global                              Global Defined In Module
      -----  --------------------------------   ------------------------
     000062A8  _XX_T1CC1L                         framer
     000062A9  _XX_T1CC1H                         framer
     000062AA  _XX_T1CC2L                         framer
     000062AB  _XX_T1CC2H                         framer
     000062AC  _T1CC3L                            framer
     000062AD  _T1CC3H                            framer
     000062AE  _T1CC4L                            framer
     000062AF  _T1CC4H                            framer
     000062B0  _STCC                              framer
     000062B1  _STCS                              framer
     000062B2  _STCV0                             framer
     000062B3  _STCV1                             framer
     000062B4  _STCV2                             framer
     000062C0  _OPAMPC                            framer
     000062C1  _OPAMPS                            framer
     000062D0  _CMPCTL                            framer
     00007080  _X_P0                              framer
     00007086  _X_U0CSR                           framer
     00007089  _X_P0IFG                           framer
     0000708A  _X_P1IFG                           framer
     0000708B  _X_P2IFG                           framer
     0000708C  _X_PICTL                           framer
     0000708D  _X_P1IEN                           framer
     0000708F  _X_P0INP                           framer
     00007090  _X_P1                              framer
     00007091  _X_RFIRQF1                         framer
     00007093  _X_MPAGE                           framer
     00007093  _X__XPAGE                          framer
     00007094  _X_T2CTRL                          framer
     00007095  _X_ST0                             framer
     00007096  _X_ST1                             framer
     00007097  _X_ST2                             framer
     0000709C  _X_T2EVTCFG                        framer
     0000709D  _X_SLEEPSTA                        framer
     0000709E  _X_CLKCONSTA                       framer
     0000709F  _X_FMAP                            framer
     0000709F  _X_PSBANK                          framer
     000070A0  _X_P2                              framer
     000070A1  _X_T2IRQF                          framer
     000070A2  _X_T2M0                            framer
     000070A3  _X_T2M1                            framer
     000070A4  _X_T2MOVF0                         framer
     000070A5  _X_T2MOVF1                         framer
     000070A6  _X_T2MOVF2                         framer
     000070A7  _X_T2IRQM                          framer
     000070AB  _X_P0IEN                           framer
     000070AC  _X_P2IEN                           framer
     000070AD  _X_STLOAD                          framer
     000070AE  _X_PMUX                            framer
     000070AF  _X_T1STAT                          framer
     000070B1  _X_ENCDI                           framer
ASxxxx Linker V03.00 + NoICE + sdld,  page 12.
Hexadecimal  [32-Bits]

Area                                    Addr        Size        Decimal Bytes (Attributes)
--------------------------------        ----        ----        ------- ----- ------------
.  .ABS.                            00000000    00000000 =           0. bytes (ABS,CON)

      Value  Global                              Global Defined In Module
      -----  --------------------------------   ------------------------
     000070B2  _X_ENCDO                           framer
     000070B3  _X_ENCCS                           framer
     000070B4  _X_ADCCON1                         framer
     000070B5  _X_ADCCON2                         framer
     000070B6  _X_ADCCON3                         framer
     000070BA  _X_ADCL                            framer
     000070BB  _X_ADCH                            framer
     000070BC  _X_RNDL                            framer
     000070BD  _X_RNDH                            framer
     000070BE  _X_SLEEPCMD                        framer
     000070BF  _X_RFERRF                          framer
     000070C1  _X_U0DBUF                          framer
     000070C2  _X_U0BAUD                          framer
     000070C3  _X_T2MSEL                          framer
     000070C4  _X_U0UCR                           framer
     000070C5  _X_U0GCR                           framer
     000070C6  _X_CLKCONCMD                       framer
     000070C7  _X_MEMCTR                          framer
     000070C9  _X_WDCTL                           framer
     000070CA  _X_T3CNT                           framer
     000070CB  _X_T3CTL                           framer
     000070CC  _X_T3CCTL0                         framer
     000070CD  _X_T3CC0                           framer
     000070CE  _X_T3CCTL1                         framer
     000070CF  _X_T3CC1                           framer
     000070D1  _X_DMAIRQ                          framer
     000070D2  _X_DMA1CFGL                        framer
     000070D3  _X_DMA1CFGH                        framer
     000070D4  _X_DMA0CFGL                        framer
     000070D5  _X_DMA0CFGH                        framer
     000070D6  _X_DMAARM                          framer
     000070D7  _X_DMAREQ                          framer
     000070D8  _X_TIMIF                           framer
     000070D9  _X_RFD                             framer
     000070DA  _X_T1CC0L                          framer
     000070DB  _X_T1CC0H                          framer
     000070DC  _X_T1CC1L                          framer
     000070DD  _X_T1CC1H                          framer
     000070DE  _X_T1CC2L                          framer
     000070DF  _X_T1CC2H                          framer
     000070E1  _X_RFST                            framer
     000070E2  _X_T1CNTL                          framer
     000070E3  _X_T1CNTH                          framer
     000070E4  _X_T1CTL                           framer
     000070E5  _X_T1CCTL0                         framer
     000070E6  _X_T1CCTL1                         framer
     000070E7  _X_T1CCTL2                         framer
     000070E9  _X_RFIRQF0                         framer
     000070EA  _X_T4CNT                           framer
     000070EB  _X_T4CTL                           framer
     000070EC  _X_T4CCTL0                         framer
ASxxxx Linker V03.00 + NoICE + sdld,  page 13.
Hexadecimal  [32-Bits]

Area                                    Addr        Size        Decimal Bytes (Attributes)
--------------------------------        ----        ----        ------- ----- ------------
.  .ABS.                            00000000    00000000 =           0. bytes (ABS,CON)

      Value  Global                              Global Defined In Module
      -----  --------------------------------   ------------------------
     000070ED  _X_T4CC0                           framer
     000070EE  _X_T4CCTL1                         framer
     000070EF  _X_T4CC1                           framer
     000070F1  _X_PERCFG                          framer
     000070F2  _X_APCFG                           framer
     000070F3  _X_P0SEL                           framer
     000070F4  _X_P1SEL                           framer
     000070F5  _X_P2SEL                           framer
     000070F6  _X_P1INP                           framer
     000070F7  _X_P2INP                           framer
     000070F8  _X_U1CSR                           framer
     000070F9  _X_U1DBUF                          framer
     000070FA  _X_U1BAUD                          framer
     000070FB  _X_U1UCR                           framer
     000070FC  _X_U1GCR                           framer
     000070FD  _X_P0DIR                           framer
     000070FE  _X_P1DIR                           framer
     000070FF  _X_P2DIR                           framer
     00007800  _X_INFOPAGE                        framer
     0000780C  _X_IEEE_ADDR                       framer

ASxxxx Linker V03.00 + NoICE + sdld,  page 14.
Hexadecimal  [32-Bits]

Area                                    Addr        Size        Decimal Bytes (Attributes)
--------------------------------        ----        ----        ------- ----- ------------
REG_BANK_0                          00000000    00000008 =           8. bytes (REL,OVR)

      Value  Global                              Global Defined In Module
      -----  --------------------------------   ------------------------
ASxxxx Linker V03.00 + NoICE + sdld,  page 15.
Hexadecimal  [32-Bits]

Area                                    Addr        Size        Decimal Bytes (Attributes)
--------------------------------        ----        ----        ------- ----- ------------
BIT_BANK                            00000020    00000001 =           1. bytes (REL,OVR)

      Value  Global                              Global Defined In Module
      -----  --------------------------------   ------------------------
ASxxxx Linker V03.00 + NoICE + sdld,  page 16.
Hexadecimal  [32-Bits]

Area                                    Addr        Size        Decimal Bytes (Attributes)
--------------------------------        ----        ----        ------- ----- ------------
DSEG                                00000000    00000074 =         116. bytes (REL,CON)

      Value  Global                              Global Defined In Module
      -----  --------------------------------   ------------------------
     00000013  _bp                                _bp

ASxxxx Linker V03.00 + NoICE + sdld,  page 17.
Hexadecimal  [32-Bits]

Area                                    Addr        Size        Decimal Bytes (Attributes)
--------------------------------        ----        ----        ------- ----- ------------
SSEG                                00000021    000000DF =         223. bytes (REL,OVR)

      Value  Global                              Global Defined In Module
      -----  --------------------------------   ------------------------
     00000021  __start__stack                     contiki_main

ASxxxx Linker V03.00 + NoICE + sdld,  page 18.
Hexadecimal  [32-Bits]

Area                                    Addr        Size        Decimal Bytes (Attributes)
--------------------------------        ----        ----        ------- ----- ------------
XSEG                                00000000    00000FA8 =        4008. bytes (REL,CON,XDATA)

      Value  Global                              Global Defined In Module
      -----  --------------------------------   ------------------------
D:   00000096  _serial_line_event_message         serial_line
D:   00000209  _sensors_event                     sensors
D:   00000788  _sensors_flags                     smartrf_sensors
D:   0000078B  _sleep_flag                        clock
D:   0000078C  _uip_lladdr                        uip6
D:   00000794  _uip_next_hdr                      uip6
D:   00000797  _uip_aligned_buf                   uip6
D:   00000887  _uip_appdata                       uip6
D:   0000088A  _uip_sappdata                      uip6
D:   0000088D  _uip_len                           uip6
D:   0000088F  _uip_slen                          uip6
D:   00000891  _uip_flags                         uip6
D:   00000892  _uip_conn                          uip6
D:   00000898  _uip_udp_conn                      uip6
D:   0000089B  _uip_udp_conns                     uip6
D:   000009A9  _packetbuf_attrs                   packetbuf
D:   000009C7  _packetbuf_addrs                   packetbuf
D:   00000A8F  _tcpip_event                       tcpip
D:   00000A9D  _uip_ds6_timer_periodic            uip_ds6
D:   00000AA7  _uip_ds6_timer_ra                  uip_ds6
D:   00000AAF  _uip_ds6_if                        uip_ds6
D:   00000B8C  _uip_ds6_prefix_list               uip_ds6
D:   00000BE0  _uip_ds6_addr_size                 uip_ds6
D:   00000BE1  _uip_ds6_netif_addr_list_offset    uip_ds6
D:   00000C5D  _linkaddr_node_addr                linkaddr
D:   00000DEE  _instance_table                    rpl_dag
D:   00000ED3  _default_instance                  rpl_dag
ASxxxx Linker V03.00 + NoICE + sdld,  page 19.
Hexadecimal  [32-Bits]

Area                                    Addr        Size        Decimal Bytes (Attributes)
--------------------------------        ----        ----        ------- ----- ------------
XISEG                               00000FAC    00000168 =         360. bytes (REL,CON,XDATA)

      Value  Global                              Global Defined In Module
      -----  --------------------------------   ------------------------
D:   00000FAC  _hello_world_process               hello_world
D:   00000FB6  _etimer_process                    etimer
D:   00000FC0  _serial_line_process               serial_line
D:   00000FCA  _process_list                      process
D:   00000FCD  _process_current                   process
D:   00000FD0  _sensors_process                   sensors
D:   00000FEE  _viztool_process                   viztool
D:   00001037  _sensors                           smartrf_sensors
D:   00001040  _uip_ext_bitmap                    uip6
D:   00001041  _uip_ext_len                       uip6
D:   00001042  _uip_ext_opt_offset                uip6
D:   00001046  _tcpip_process                     tcpip
D:   0000107A  _ds6_neighbors                     uip_ds6_nbr
D:   000010AB  _rpl_parents                       rpl_dag
D:   000010B5  _ctimer_process                    ctimer
D:   000010FF  _rpl_mrhof                         rpl_mrhof

ASxxxx Linker V03.00 + NoICE + sdld,  page 20.
Hexadecimal  [32-Bits]

Area                                    Addr        Size        Decimal Bytes (Attributes)
--------------------------------        ----        ----        ------- ----- ------------
HOME                                00000000    000052B8 =       21176. bytes (REL,CON,CODE)

      Value  Global                              Global Defined In Module
      -----  --------------------------------   ------------------------
C:   0000006E  __sdcc_program_startup             contiki_main
C:   000002DC  _main                              contiki_main
C:   00000772  _port_0_isr                        button_sensor
C:   00000801  _uart0_set_input                   uart_intr
C:   00000814  __sdcc_banked_call                 
C:   00000826  __sdcc_banked_ret                  
C:   00000829  _putchar                           putchar
C:   00000835  _clock_delay_usec                  clock
C:   00000850  _clock_wait                        clock
C:   00000897  _clock_time                        clock
C:   000008A0  _clock_seconds                     clock
C:   000008B2  _clock_init                        clock
C:   00000981  _clock_isr                         clock
C:   00000BB7  _uip_chksum                        uip6
C:   00000BF9  _uip_ipchksum                      uip6
C:   00000D31  _uip_icmp6chksum                   uip6
C:   00000D44  _uip_udpchksum                     uip6
C:   00000D57  _uip_init                          uip6
C:   00000DB2  _remove_ext_hdr                    uip6
C:   00000E7B  _uip_udp_new                       uip6
C:   00001219  _uip_process                       uip6
C:   00001F74  _uip_htons                         uip6
C:   00001F8D  _uip_htonl                         uip6
C:   00001FD9  _uip_send                          uip6
C:   00002158  _rtimer_arch_init                  rtimer_arch
C:   00002168  _rtimer_arch_schedule              rtimer_arch
C:   00002183  _rtimer_isr                        rtimer_arch
C:   000021DA  ___gptr_cmp                        
C:   000026C1  _dis_output                        rpl_icmp6
C:   000032D2  _dio_output                        rpl_icmp6
C:   00004B7B  _dao_output                        rpl_icmp6
C:   00004BE4  _dao_output_target                 rpl_icmp6
C:   00004F32  _dao_ack_output                    rpl_icmp6
C:   00004FD0  _rpl_icmp6_register_handlers       rpl_icmp6
C:   0000500F  _mac_sequence_is_duplicate         mac_sequence
C:   000050F8  _mac_sequence_register_seqno       mac_sequence
ASxxxx Linker V03.00 + NoICE + sdld,  page 21.
Hexadecimal  [32-Bits]

Area                                    Addr        Size        Decimal Bytes (Attributes)
--------------------------------        ----        ----        ------- ----- ------------
GSINIT0                             000052B8    00000003 =           3. bytes (REL,CON,CODE)

      Value  Global                              Global Defined In Module
      -----  --------------------------------   ------------------------
C:   000052B8  __sdcc_gsinit_startup              

ASxxxx Linker V03.00 + NoICE + sdld,  page 22.
Hexadecimal  [32-Bits]

Area                                    Addr        Size        Decimal Bytes (Attributes)
--------------------------------        ----        ----        ------- ----- ------------
GSINIT2                             000052BB    0000000A =          10. bytes (REL,CON,CODE)

      Value  Global                              Global Defined In Module
      -----  --------------------------------   ------------------------
ASxxxx Linker V03.00 + NoICE + sdld,  page 23.
Hexadecimal  [32-Bits]

Area                                    Addr        Size        Decimal Bytes (Attributes)
--------------------------------        ----        ----        ------- ----- ------------
GSINIT3                             000052C5    00000022 =          34. bytes (REL,CON,CODE)

      Value  Global                              Global Defined In Module
      -----  --------------------------------   ------------------------
C:   000052C5  __mcs51_genXINIT                   

ASxxxx Linker V03.00 + NoICE + sdld,  page 24.
Hexadecimal  [32-Bits]

Area                                    Addr        Size        Decimal Bytes (Attributes)
--------------------------------        ----        ----        ------- ----- ------------
GSINIT4                             000052E7    0000002A =          42. bytes (REL,CON,CODE)

      Value  Global                              Global Defined In Module
      -----  --------------------------------   ------------------------
C:   000052E7  __mcs51_genRAMCLEAR                
C:   000052ED  __mcs51_genXRAMCLEAR               

ASxxxx Linker V03.00 + NoICE + sdld,  page 25.
Hexadecimal  [32-Bits]

Area                                    Addr        Size        Decimal Bytes (Attributes)
--------------------------------        ----        ----        ------- ----- ------------
GSINIT                              00005311    00000022 =          34. bytes (REL,CON,CODE)

      Value  Global                              Global Defined In Module
      -----  --------------------------------   ------------------------
ASxxxx Linker V03.00 + NoICE + sdld,  page 26.
Hexadecimal  [32-Bits]

Area                                    Addr        Size        Decimal Bytes (Attributes)
--------------------------------        ----        ----        ------- ----- ------------
GSFINAL                             00005333    00000003 =           3. bytes (REL,CON,CODE)

      Value  Global                              Global Defined In Module
      -----  --------------------------------   ------------------------
ASxxxx Linker V03.00 + NoICE + sdld,  page 27.
Hexadecimal  [32-Bits]

Area                                    Addr        Size        Decimal Bytes (Attributes)
--------------------------------        ----        ----        ------- ----- ------------
CSEG                                00005336    00002967 =       10599. bytes (REL,CON,CODE)

      Value  Global                              Global Defined In Module
      -----  --------------------------------   ------------------------
C:   00005336  __gptrput                          _gptrput
C:   00005351  __mulint                           _mulint
C:   00005429  _memcmp                            _memcmp
C:   0000551E  __modulong                         _modulong
C:   000055E1  __divulong                         _divulong
C:   0000566B  _strncmp                           _strncmp
C:   00005733  _memset                            _memset
C:   0000579F  _memcpy                            _memcpy
C:   00005847  _vprintf                           vprintf
C:   00005889  _printf                            vprintf
C:   000058CE  _strlen                            _strlen
C:   000058E8  __gptrget                          _gptrget
C:   00005904  __mullong                          _mullong
C:   00005AD0  __modsint                          _modsint
C:   00005B3E  __moduint                          _moduint
C:   00005BC0  __divsint                          _divsint
C:   00005C36  __divuint                          _divuint
C:   00005C83  __sdcc_external_startup            _startup
C:   00006957  __print_format                     printf_large
C:   0000774D  _memmove                           _memmove
C:   000078D1  ___fslt                            _fslt
C:   00007901  ___fsadd                           _fsadd
C:   00007904  fsadd_direct_entry                 _fsadd
C:   0000795A  fs_compare_uint32                  _fscmp
C:   00007978  fs_check_negative_zeros            _fscmp
C:   000079A3  fs_round_and_return                _fsreturnval
C:   000079BB  fs_zerocheck_return                _fsreturnval
C:   000079C4  fs_return_zero                     _fsreturnval
C:   000079CC  fs_direct_return                   _fsreturnval
C:   000079DA  fs_return_inf                      _fsreturnval
C:   000079E7  fs_return_nan                      _fsreturnval
C:   000079F2  fs_swap_a_b                        _fsswapargs
C:   00007A0C  ___fsdiv                           _fsdiv
C:   00007ACF  ___fssub                           _fssub
C:   00007ADA  ___fsmul                           _fsmul
C:   00007B7D  fsgetargs                          _fsget2args
C:   00007BAB  fs_rshift_a                        _fsrshift
C:   00007BEE  fs_normalize_a                     _fsnormalize
C:   00007C21  ___fs2ulong                        _fs2ulong
C:   00007C23  fs2ulong_begin                     _fs2ulong
C:   00007C48  ___ulong2fs                        _ulong2fs
C:   00007C51  ulong2fs_doit                      _ulong2fs
C:   00007C5B  ___fsgt                            _fsgt
C:   00007C8B  fsgetarg                           _fsget1arg

ASxxxx Linker V03.00 + NoICE + sdld,  page 28.
Hexadecimal  [32-Bits]

Area                                    Addr        Size        Decimal Bytes (Attributes)
--------------------------------        ----        ----        ------- ----- ------------
CONST                               00007C9D    000001F8 =         504. bytes (REL,CON,CODE)

      Value  Global                              Global Defined In Module
      -----  --------------------------------   ------------------------
C:   00007CE8  _autostart_processes               hello_world
C:   00007CFC  _adc_sensor                        adc_sensor
C:   00007D0C  _button_1_sensor                   button_sensor
C:   00007D66  _cc2530_rf_driver                  cc2530_rf
C:   00007D90  _linkaddr_null                     linkaddr
C:   00007D98  _csma_driver                       csma
C:   00007E25  _nullrdc_driver                    nullrdc
C:   00007E45  _nullsec_driver                    nullsec
C:   00007E5F  _unc_llconf                        sicslowpan
C:   00007E63  _unc_ctxconf                       sicslowpan
C:   00007E67  _unc_mxconf                        sicslowpan
C:   00007E6B  _llprefix                          sicslowpan
C:   00007E71  _sicslowpan_driver                 sicslowpan
C:   00007E89  _framer_802154                     framer_802154

ASxxxx Linker V03.00 + NoICE + sdld,  page 29.
Hexadecimal  [32-Bits]

Area                                    Addr        Size        Decimal Bytes (Attributes)
--------------------------------        ----        ----        ------- ----- ------------
XINIT                               00007E95    00000168 =         360. bytes (REL,CON,CODE)

      Value  Global                              Global Defined In Module
      -----  --------------------------------   ------------------------
ASxxxx Linker V03.00 + NoICE + sdld,  page 30.
Hexadecimal  [32-Bits]

Area                                    Addr        Size        Decimal Bytes (Attributes)
--------------------------------        ----        ----        ------- ----- ------------
BANK2                               00028000    00007FFC =       32764. bytes (REL,CON,CODE)

      Value  Global                              Global Defined In Module
      -----  --------------------------------   ------------------------
C:   00028051  _autostart_start                   autostart
C:   000280D6  _autostart_exit                    autostart
C:   0002814E  _uip_ds6_init                      uip_ds6
C:   00028359  _uip_ds6_periodic                  uip_ds6
C:   00028418  _uip_ds6_list_loop                 uip_ds6
C:   000285E6  _uip_ds6_prefix_add                uip_ds6
C:   00028769  _uip_ds6_prefix_rm                 uip_ds6
C:   00028780  _uip_ds6_prefix_lookup             uip_ds6
C:   000287E1  _uip_ds6_is_addr_onlink            uip_ds6
C:   000288C8  _uip_ds6_addr_add                  uip_ds6
C:   00028AEA  _uip_ds6_addr_rm                   uip_ds6
C:   00028BD0  _uip_ds6_addr_lookup               uip_ds6
C:   00028C2D  _uip_ds6_get_link_local            uip_ds6
C:   00028CF2  _uip_ds6_get_global                uip_ds6
C:   00028DB9  _uip_ds6_maddr_add                 uip_ds6
C:   00028E8C  _uip_ds6_maddr_rm                  uip_ds6
C:   00028EA3  _uip_ds6_maddr_lookup              uip_ds6
C:   00028F00  _uip_ds6_aaddr_add                 uip_ds6
C:   00028FB1  _uip_ds6_aaddr_rm                  uip_ds6
C:   00028FC8  _uip_ds6_aaddr_lookup              uip_ds6
C:   00029025  _uip_ds6_select_src                uip_ds6
C:   000292F7  _uip_ds6_set_addr_iid              uip_ds6
C:   0002937B  _get_match_length                  uip_ds6
C:   00029442  _uip_ds6_compute_reachable_time    uip_ds6
C:   00029DA6  _nbr_table_register                nbr_table
C:   00029E5E  _nbr_table_head                    nbr_table
C:   00029F55  _nbr_table_next                    nbr_table
C:   0002A032  _nbr_table_add_lladdr              nbr_table
C:   0002A1ED  _nbr_table_get_from_lladdr         nbr_table
C:   0002A28E  _nbr_table_remove                  nbr_table
C:   0002A313  _nbr_table_lock                    nbr_table
C:   0002A356  _nbr_table_unlock                  nbr_table
C:   0002A397  _nbr_table_get_lladdr              nbr_table
C:   0002AC25  _uip_nd6_ns_output                 uip_nd6
C:   0002B6D2  _uip_nd6_init                      uip_nd6
C:   0002B6F3  _soc_init                          soc
C:   0002B7AB  _uip_icmp6_input                   uip_icmp6
C:   0002B816  _uip_icmp6_register_input_handle   uip_icmp6
C:   0002BC4D  _uip_icmp6_error_output            uip_icmp6
C:   0002C057  _uip_icmp6_send                    uip_icmp6
C:   0002C624  _uip_icmp6_echo_reply_callback_a   uip_icmp6
C:   0002C685  _uip_icmp6_echo_reply_callback_r   uip_icmp6
C:   0002C6B4  _uip_icmp6_init                    uip_icmp6
C:   0002CB9D  _rpl_reset_periodic_timer          rpl_timers
C:   0002CC33  _rpl_reset_dio_timer               rpl_timers
C:   0002D069  _rpl_schedule_dao                  rpl_timers
C:   0002D08C  _rpl_schedule_dao_immediately      rpl_timers
C:   0002D0AD  _rpl_cancel_dao                    rpl_timers
C:   0002D62F  _rpl_schedule_probing              rpl_timers
C:   0002D6AF  _rime_sniffer_add                  sicslowpan
ASxxxx Linker V03.00 + NoICE + sdld,  page 31.
Hexadecimal  [32-Bits]

Area                                    Addr        Size        Decimal Bytes (Attributes)
--------------------------------        ----        ----        ------- ----- ------------
BANK2                               00028000    00007FFC =       32764. bytes (REL,CON,CODE)

      Value  Global                              Global Defined In Module
      -----  --------------------------------   ------------------------
C:   0002D6C2  _rime_sniffer_remove               sicslowpan
C:   0002FFC4  _sicslowpan_init                   sicslowpan
C:   0002FFED  _sicslowpan_get_last_rssi          sicslowpan

ASxxxx Linker V03.00 + NoICE + sdld,  page 32.
Hexadecimal  [32-Bits]

Area                                    Addr        Size        Decimal Bytes (Attributes)
--------------------------------        ----        ----        ------- ----- ------------
BANK4                               00048000    00003222 =       12834. bytes (REL,CON,CODE)

      Value  Global                              Global Defined In Module
      -----  --------------------------------   ------------------------
C:   00048073  _watchdog_init                     watchdog
C:   00048079  _watchdog_start                    watchdog
C:   0004807F  _watchdog_periodic                 watchdog
C:   00048092  _watchdog_reboot                   watchdog
C:   000480B5  _leds_init                         leds
C:   000480C6  _leds_blink                        leds
C:   000480F5  _leds_get                          leds
C:   00048103  _leds_set                          leds
C:   0004810F  _leds_on                           leds
C:   00048125  _leds_off                          leds
C:   0004813D  _leds_toggle                       leds
C:   00048153  _rtimer_init                       rtimer
C:   0004815F  _rtimer_set                        rtimer
C:   00048216  _rtimer_run_next                   rtimer
C:   000482F3  _serial_line_input_byte            serial_line
C:   00048528  _serial_line_init                  serial_line
C:   00048614  _sensors_first                     sensors
C:   00048628  _sensors_next                      sensors
C:   0004866A  _sensors_changed                   sensors
C:   000486A0  _sensors_find                      sensors
C:   00048A6E  _putstring                         debug
C:   00048AA1  _puthex                            debug
C:   00048ACF  _putbin                            debug
C:   00048B04  _putdec                            debug
C:   00048B45  _netstack_init                     netstack
C:   00048BEC  _energest_type_set                 energest
C:   00048BEF  _energest_init                     energest
C:   00048BF2  _energest_type_time                energest
C:   00048BFB  _energest_flush                    energest
C:   00048C15  _queuebuf_init                     queuebuf
C:   00048C36  _queuebuf_numfree                  queuebuf
C:   00048C4C  _queuebuf_new_from_packetbuf       queuebuf
C:   00048DB3  _queuebuf_update_attr_from_packe   queuebuf
C:   00048DF0  _queuebuf_update_from_packetbuf    queuebuf
C:   00048E9C  _queuebuf_free                     queuebuf
C:   00048F30  _queuebuf_to_packetbuf             queuebuf
C:   00049018  _queuebuf_dataptr                  queuebuf
C:   00049073  _queuebuf_datalen                  queuebuf
C:   0004909F  _queuebuf_addr                     queuebuf
C:   000490D0  _queuebuf_attr                     queuebuf
C:   0004910A  _queuebuf_debug_print              queuebuf
C:   0004910D  _memb_init                         memb
C:   0004920F  _memb_alloc                        memb
C:   0004935D  _memb_free                         memb
C:   000494E0  _memb_inmemb                       memb
C:   00049603  _memb_numfree                      memb
C:   000496BD  _leds_arch_init                    leds_arch
C:   000496CA  _leds_arch_get                     leds_arch
C:   000496E9  _leds_arch_set                     leds_arch
C:   0004970B  _stimer_set                        stimer
ASxxxx Linker V03.00 + NoICE + sdld,  page 33.
Hexadecimal  [32-Bits]

Area                                    Addr        Size        Decimal Bytes (Attributes)
--------------------------------        ----        ----        ------- ----- ------------
BANK4                               00048000    00003222 =       12834. bytes (REL,CON,CODE)

      Value  Global                              Global Defined In Module
      -----  --------------------------------   ------------------------
C:   00049779  _stimer_reset                      stimer
C:   00049811  _stimer_restart                    stimer
C:   0004984F  _stimer_expired                    stimer
C:   0004991D  _stimer_remaining                  stimer
C:   00049998  _stimer_elapsed                    stimer
C:   000499E9  _uart0_init                        uart0
C:   00049A16  _uart0_writeb                      uart0
C:   00049A24  _list_init                         list
C:   00049A3B  _list_head                         list
C:   00049A52  _list_copy                         list
C:   00049A90  _list_tail                         list
C:   00049AE8  _list_add                          list
C:   00049BA6  _list_push                         list
C:   00049C3D  _list_chop                         list
C:   00049D87  _list_pop                          list
C:   00049DF4  _list_remove                       list
C:   00049F52  _list_length                       list
C:   00049FA0  _list_insert                       list
C:   0004A055  _list_item_next                    list
C:   0004A08A  _random_rand                       random
C:   0004A0A2  _random_init                       random
C:   0004A10A  _linkaddr_copy                     linkaddr
C:   0004A142  _linkaddr_cmp                      linkaddr
C:   0004A18F  _linkaddr_set_node_addr            linkaddr
C:   0004A1B3  _uip_debug_ipaddr_print            uip_debug
C:   0004A2EB  _uip_debug_lladdr_print            uip_debug
C:   0004A35D  _uip_udp_packet_send               uip_udp_packet
C:   0004A3F6  _uip_udp_packet_sendto             uip_udp_packet
C:   0004B1B1  _framer_canonical_create_and_sec   framer

ASxxxx Linker V03.00 + NoICE + sdld,  page 34.
Hexadecimal  [32-Bits]

Area                                    Addr        Size        Decimal Bytes (Attributes)
--------------------------------        ----        ----        ------- ----- ------------
BANK3                               00038000    00007FFF =       32767. bytes (REL,CON,CODE)

      Value  Global                              Global Defined In Module
      -----  --------------------------------   ------------------------
C:   000385F6  _etimer_request_poll               etimer
C:   00038762  _etimer_set                        etimer
C:   000387A5  _etimer_reset                      etimer
C:   000387D2  _etimer_restart                    etimer
C:   000387FF  _etimer_adjust                     etimer
C:   00038851  _etimer_expired                    etimer
C:   0003889D  _etimer_expiration_time            etimer
C:   000388CF  _etimer_start_time                 etimer
C:   000388E1  _etimer_pending                    etimer
C:   0003891D  _etimer_next_expiration_time       etimer
C:   00038944  _etimer_stop                       etimer
C:   00038A9E  _process_alloc_event               process
C:   00038AAD  _process_start                     process
C:   000390B6  _process_exit                      process
C:   000390E2  _process_init                      process
C:   00039378  _process_run                       process
C:   000393AB  _process_nevents                   process
C:   000393C5  _process_post                      process
C:   0003944B  _process_post_synch                process
C:   000394A3  _process_poll                      process
C:   000394E3  _process_is_running                process
C:   00039511  _timer_set                         timer
C:   00039560  _timer_reset                       timer
C:   0003959F  _timer_restart                     timer
C:   000395D0  _timer_expired                     timer
C:   0003963B  _timer_remaining                   timer
C:   0003AD42  _packetbuf_clear                   packetbuf
C:   0003AD7D  _packetbuf_clear_hdr               packetbuf
C:   0003AD86  _packetbuf_copyfrom                packetbuf
C:   0003AE04  _packetbuf_compact                 packetbuf
C:   0003AED3  _packetbuf_copyto_hdr              packetbuf
C:   0003AF50  _packetbuf_copyto                  packetbuf
C:   0003B071  _packetbuf_hdralloc                packetbuf
C:   0003B0C8  _packetbuf_hdr_remove              packetbuf
C:   0003B0D8  _packetbuf_hdrreduce               packetbuf
C:   0003B113  _packetbuf_set_datalen             packetbuf
C:   0003B121  _packetbuf_dataptr                 packetbuf
C:   0003B14E  _packetbuf_hdrptr                  packetbuf
C:   0003B16D  _packetbuf_datalen                 packetbuf
C:   0003B17C  _packetbuf_hdrlen                  packetbuf
C:   0003B199  _packetbuf_totlen                  packetbuf
C:   0003B1C8  _packetbuf_attr_clear              packetbuf
C:   0003B250  _packetbuf_attr_copyto             packetbuf
C:   0003B2B2  _packetbuf_attr_copyfrom           packetbuf
C:   0003B30A  _packetbuf_set_attr                packetbuf
C:   0003B32C  _packetbuf_attr                    packetbuf
C:   0003B348  _packetbuf_set_addr                packetbuf
C:   0003B385  _packetbuf_addr                    packetbuf
C:   0003B3A0  _packetbuf_holds_broadcast         packetbuf
C:   0003B3CC  _tcpip_output                      tcpip
ASxxxx Linker V03.00 + NoICE + sdld,  page 35.
Hexadecimal  [32-Bits]

Area                                    Addr        Size        Decimal Bytes (Attributes)
--------------------------------        ----        ----        ------- ----- ------------
BANK3                               00038000    00007FFF =       32767. bytes (REL,CON,CODE)

      Value  Global                              Global Defined In Module
      -----  --------------------------------   ------------------------
C:   0003B40A  _tcpip_set_outputfunc              tcpip
C:   0003B481  _udp_attach                        tcpip
C:   0003B4D2  _udp_new                           tcpip
C:   0003B584  _udp_broadcast_new                 tcpip
C:   0003B7CD  _tcpip_input                       tcpip
C:   0003B7FD  _tcpip_ipv6_output                 tcpip
C:   0003BCB8  _tcpip_poll_udp                    tcpip
C:   0003BCE0  _tcpip_uipcall                     tcpip
C:   0003BE32  _ringbuf_init                      ringbuf
C:   0003BEB3  _ringbuf_put                       ringbuf
C:   0003BFCC  _ringbuf_get                       ringbuf
C:   0003C0A9  _ringbuf_size                      ringbuf
C:   0003C0CE  _ringbuf_elements                  ringbuf
C:   0003C124  _rpl_verify_header                 rpl_ext_header
C:   0003C568  _rpl_update_header_empty           rpl_ext_header
C:   0003C874  _rpl_update_header_final           rpl_ext_header
C:   0003CA82  _rpl_remove_header                 rpl_ext_header
C:   0003CB9B  _rpl_invert_header                 rpl_ext_header
C:   0003CD15  _rpl_insert_header                 rpl_ext_header
C:   0003CD44  _uip_ds6_neighbors_init            uip_ds6_nbr
C:   0003CD73  _uip_ds6_nbr_add                   uip_ds6_nbr
C:   0003CEEE  _uip_ds6_nbr_rm                    uip_ds6_nbr
C:   0003CF3C  _uip_ds6_nbr_get_ipaddr            uip_ds6_nbr
C:   0003CF57  _uip_ds6_nbr_get_ll                uip_ds6_nbr
C:   0003CF92  _uip_ds6_nbr_num                   uip_ds6_nbr
C:   0003D03E  _uip_ds6_nbr_lookup                uip_ds6_nbr
C:   0003D138  _uip_ds6_nbr_ll_lookup             uip_ds6_nbr
C:   0003D173  _uip_ds6_nbr_ipaddr_from_lladdr    uip_ds6_nbr
C:   0003D197  _uip_ds6_nbr_lladdr_from_ipaddr    uip_ds6_nbr
C:   0003D1D0  _uip_ds6_link_neighbor_callback    uip_ds6_nbr
C:   0003D251  _uip_ds6_neighbor_periodic         uip_ds6_nbr
C:   0003D71C  _uip_ds6_get_least_lifetime_neig   uip_ds6_nbr
C:   0003D875  _rpl_get_mode                      rpl
C:   0003D87F  _rpl_set_mode                      rpl
C:   0003D8E8  _rpl_purge_routes                  rpl
C:   0003DB83  _rpl_remove_routes                 rpl
C:   0003DC49  _rpl_remove_routes_by_nexthop      rpl
C:   0003DD93  _rpl_add_route                     rpl
C:   0003DF0E  _rpl_link_neighbor_callback        rpl
C:   0003E162  _rpl_ipv6_neighbor_callback        rpl
C:   0003E23A  _rpl_init                          rpl
C:   0003E638  _ctimer_init                       ctimer
C:   0003E676  _ctimer_set                        ctimer
C:   0003E7CA  _ctimer_reset                      ctimer
C:   0003E865  _ctimer_restart                    ctimer
C:   0003E900  _ctimer_stop                       ctimer
C:   0003E9C3  _ctimer_expired                    ctimer
C:   0003F4C0  _frame802154_hdrlen                frame802154
C:   0003F544  _frame802154_create                frame802154
C:   0003F930  _frame802154_parse                 frame802154

ASxxxx Linker V03.00 + NoICE + sdld,  page 36.
Hexadecimal  [32-Bits]

Area                                    Addr        Size        Decimal Bytes (Attributes)
--------------------------------        ----        ----        ------- ----- ------------
BANK1                               00018000    00007FFE =       32766. bytes (REL,CON,CODE)

      Value  Global                              Global Defined In Module
      -----  --------------------------------   ------------------------
C:   0001815F  _uip_ds6_notification_add          uip_ds6_route
C:   000181C0  _uip_ds6_notification_rm           uip_ds6_route
C:   000181EF  _uip_ds6_route_init                uip_ds6_route
C:   000182EC  _uip_ds6_route_nexthop             uip_ds6_route
C:   0001831F  _uip_ds6_route_head                uip_ds6_route
C:   00018342  _uip_ds6_route_next                uip_ds6_route
C:   0001836C  _uip_ds6_route_num_routes          uip_ds6_route
C:   0001837B  _uip_ds6_route_lookup              uip_ds6_route
C:   00018585  _uip_ds6_route_add                 uip_ds6_route
C:   000189D4  _uip_ds6_route_rm                  uip_ds6_route
C:   00018EC6  _uip_ds6_route_rm_by_nexthop       uip_ds6_route
C:   00018F13  _uip_ds6_defrt_add                 uip_ds6_route
C:   000190E6  _uip_ds6_defrt_rm                  uip_ds6_route
C:   000191FE  _uip_ds6_defrt_lookup              uip_ds6_route
C:   000192EE  _uip_ds6_defrt_choose              uip_ds6_route
C:   00019400  _uip_ds6_defrt_periodic            uip_ds6_route
C:   0001A5B9  _mac_call_sent_callback            mac
C:   0001A60C  _rpl_print_neighbor_list           rpl_dag
C:   0001AA58  _rpl_get_nbr                       rpl_dag
C:   0001AAD7  _rpl_dag_init                      rpl_dag
C:   0001AB06  _rpl_get_parent                    rpl_dag
C:   0001AB41  _rpl_get_parent_rank               rpl_dag
C:   0001AB99  _rpl_get_parent_link_metric        rpl_dag
C:   0001ABF1  _rpl_get_parent_ipaddr             rpl_dag
C:   0001B31B  _rpl_set_root                      rpl_dag
C:   0001B992  _rpl_repair_root                   rpl_dag
C:   0001BDAB  _rpl_set_prefix                    rpl_dag
C:   0001BF7F  _rpl_set_default_route             rpl_dag
C:   0001C0EB  _rpl_alloc_instance                rpl_dag
C:   0001C221  _rpl_alloc_dag                     rpl_dag
C:   0001C3D2  _rpl_set_default_instance          rpl_dag
C:   0001C3E6  _rpl_get_default_instance          rpl_dag
C:   0001C3FA  _rpl_free_instance                 rpl_dag
C:   0001C58F  _rpl_free_dag                      rpl_dag
C:   0001C675  _rpl_add_parent                    rpl_dag
C:   0001C898  _rpl_find_parent                   rpl_dag
C:   0001C95D  _rpl_find_parent_any_dag           rpl_dag
C:   0001CA37  _rpl_select_dag                    rpl_dag
C:   0001D5D2  _rpl_select_parent                 rpl_dag
C:   0001D74B  _rpl_remove_parent                 rpl_dag
C:   0001D78F  _rpl_nullify_parent                rpl_dag
C:   0001D9A5  _rpl_move_parent                   rpl_dag
C:   0001DB68  _rpl_get_any_dag                   rpl_dag
C:   0001DC1B  _rpl_get_instance                  rpl_dag
C:   0001DCCC  _rpl_find_of                       rpl_dag
C:   0001DD6B  _rpl_join_instance                 rpl_dag
C:   0001E54D  _rpl_add_dag                       rpl_dag
C:   0001F1E8  _rpl_local_repair                  rpl_dag
C:   0001F2F4  _rpl_recalculate_ranks             rpl_dag
C:   0001F46C  _rpl_process_parent_event          rpl_dag
ASxxxx Linker V03.00 + NoICE + sdld,  page 37.
Hexadecimal  [32-Bits]

Area                                    Addr        Size        Decimal Bytes (Attributes)
--------------------------------        ----        ----        ------- ----- ------------
BANK1                               00018000    00007FFE =       32766. bytes (REL,CON,CODE)

      Value  Global                              Global Defined In Module
      -----  --------------------------------   ------------------------
C:   0001F5DA  _rpl_process_dio                   rpl_dag
C:   0001FFCF  _rpl_lock_parent                   rpl_dag

ASxxxx Linker V03.00 + NoICE + sdld,  page 38.

Files Linked                              [ module(s) ]

obj_cc2530dk/contiki-main.rel             [  ]
obj_cc2530dk/hello-world.app.rel          [  ]


Libraries Linked                          [ object file ]

contiki-cc2530dk.lib                      [ obj_cc2530dk/adc-sensor.rel ]
contiki-cc2530dk.lib                      [ obj_cc2530dk/watchdog.rel ]
contiki-cc2530dk.lib                      [ obj_cc2530dk/leds.rel ]
contiki-cc2530dk.lib                      [ obj_cc2530dk/etimer.rel ]
contiki-cc2530dk.lib                      [ obj_cc2530dk/button-sensor.rel ]
contiki-cc2530dk.lib                      [ obj_cc2530dk/uart-intr.rel ]
contiki-cc2530dk.lib                      [ obj_cc2530dk/rtimer.rel ]
/usr/local/sdcc/bin/../share/sdcc/lib/huge-stack-auto/mcs51.lib
                                          [ crtclear.rel ]
contiki-cc2530dk.lib                      [ obj_cc2530dk/serial-line.rel ]
contiki-cc2530dk.lib                      [ obj_cc2530dk/process.rel ]
/usr/local/sdcc/bin/../share/sdcc/lib/huge-stack-auto/mcs51.lib
                                          [ crtbank.rel ]
contiki-cc2530dk.lib                      [ obj_cc2530dk/sensors.rel ]
/usr/local/sdcc/bin/../share/sdcc/lib/huge-stack-auto/mcs51.lib
                                          [ crtxinit.rel ]
contiki-cc2530dk.lib                      [ obj_cc2530dk/debug.rel ]
contiki-cc2530dk.lib                      [ obj_cc2530dk/netstack.rel ]
contiki-cc2530dk.lib                      [ obj_cc2530dk/energest.rel ]
contiki-cc2530dk.lib                      [ obj_cc2530dk/timer.rel ]
contiki-cc2530dk.lib                      [ obj_cc2530dk/cc2530-rf.rel ]
contiki-cc2530dk.lib                      [ obj_cc2530dk/autostart.rel ]
/usr/local/sdcc/bin/../share/sdcc/lib/huge-stack-auto/libsdcc.lib
                                          [ _gptrput.rel ]
contiki-cc2530dk.lib                      [ obj_cc2530dk/queuebuf.rel ]
contiki-cc2530dk.lib                      [ obj_cc2530dk/viztool.rel ]
contiki-cc2530dk.lib                      [ obj_cc2530dk/putchar.rel ]
contiki-cc2530dk.lib                      [ obj_cc2530dk/uip-ds6-route.rel ]
contiki-cc2530dk.lib                      [ obj_cc2530dk/memb.rel ]
/usr/local/sdcc/bin/../share/sdcc/lib/huge-stack-auto/libint.lib
                                          [ _mulint.rel ]
contiki-cc2530dk.lib                      [ obj_cc2530dk/leds-arch.rel ]
contiki-cc2530dk.lib                      [ obj_cc2530dk/smartrf-sensors.rel ]
contiki-cc2530dk.lib                      [ obj_cc2530dk/clock.rel ]
contiki-cc2530dk.lib                      [ obj_cc2530dk/uip6.rel ]
contiki-cc2530dk.lib                      [ obj_cc2530dk/packetbuf.rel ]
contiki-cc2530dk.lib                      [ obj_cc2530dk/rtimer-arch.rel ]
contiki-cc2530dk.lib                      [ obj_cc2530dk/tcpip.rel ]
contiki-cc2530dk.lib                      [ obj_cc2530dk/stimer.rel ]
/usr/local/sdcc/bin/../share/sdcc/lib/huge-stack-auto/libsdcc.lib
                                          [ _memcmp.rel ]
contiki-cc2530dk.lib                      [ obj_cc2530dk/uart0.rel ]
contiki-cc2530dk.lib                      [ obj_cc2530dk/uip-ds6.rel ]
contiki-cc2530dk.lib                      [ obj_cc2530dk/ringbuf.rel ]
/usr/local/sdcc/bin/../share/sdcc/lib/huge-stack-auto/mcs51.lib
                                          [ crtxclear.rel ]
contiki-cc2530dk.lib                      [ obj_cc2530dk/nbr-table.rel ]
/usr/local/sdcc/bin/../share/sdcc/lib/huge-stack-auto/liblong.lib
                                          [ _modulong.rel ]
contiki-cc2530dk.lib                      [ obj_cc2530dk/list.rel ]
contiki-cc2530dk.lib                      [ obj_cc2530dk/random.rel ]
contiki-cc2530dk.lib                      [ obj_cc2530dk/uip-nd6.rel ]
contiki-cc2530dk.lib                      [ obj_cc2530dk/rpl-ext-header.rel ]
/usr/local/sdcc/bin/../share/sdcc/lib/huge-stack-auto/liblong.lib
                                          [ _divulong.rel ]
/usr/local/sdcc/bin/../share/sdcc/lib/huge-stack-auto/libsdcc.lib
                                          [ _strncmp.rel ]
contiki-cc2530dk.lib                      [ obj_cc2530dk/linkaddr.rel ]
/usr/local/sdcc/bin/../share/sdcc/lib/huge-stack-auto/libsdcc.lib
                                          [ _memset.rel ]
/usr/local/sdcc/bin/../share/sdcc/lib/huge-stack-auto/libsdcc.lib
                                          [ _memcpy.rel ]
contiki-cc2530dk.lib                      [ obj_cc2530dk/uip-ds6-nbr.rel ]
contiki-cc2530dk.lib                      [ obj_cc2530dk/csma.rel ]
contiki-cc2530dk.lib                      [ obj_cc2530dk/mac.rel ]
/usr/local/sdcc/bin/../share/sdcc/lib/huge-stack-auto/libsdcc.lib
                                          [ _bp.rel ]
contiki-cc2530dk.lib                      [ obj_cc2530dk/rpl-dag.rel ]
contiki-cc2530dk.lib                      [ obj_cc2530dk/uip-debug.rel ]
/usr/local/sdcc/bin/../share/sdcc/lib/huge-stack-auto/libsdcc.lib
                                          [ vprintf.rel ]
contiki-cc2530dk.lib                      [ obj_cc2530dk/rpl.rel ]
contiki-cc2530dk.lib                      [ obj_cc2530dk/uip-udp-packet.rel ]
contiki-cc2530dk.lib                      [ obj_cc2530dk/ctimer.rel ]
/usr/local/sdcc/bin/../share/sdcc/lib/huge-stack-auto/libsdcc.lib
                                          [ _strlen.rel ]
contiki-cc2530dk.lib                      [ obj_cc2530dk/soc.rel ]
/usr/local/sdcc/bin/../share/sdcc/lib/huge-stack-auto/mcs51.lib
                                          [ gptr_cmp.rel ]
contiki-cc2530dk.lib                      [ obj_cc2530dk/uip-icmp6.rel ]
/usr/local/sdcc/bin/../share/sdcc/lib/huge-stack-auto/mcs51.lib
                                          [ crtstart.rel ]
/usr/local/sdcc/bin/../share/sdcc/lib/huge-stack-auto/libsdcc.lib
                                          [ _gptrget.rel ]
/usr/local/sdcc/bin/../share/sdcc/lib/huge-stack-auto/liblong.lib
                                          [ _mullong.rel ]
/usr/local/sdcc/bin/../share/sdcc/lib/huge-stack-auto/libint.lib
                                          [ _modsint.rel ]
/usr/local/sdcc/bin/../share/sdcc/lib/huge-stack-auto/libint.lib
                                          [ _moduint.rel ]
contiki-cc2530dk.lib                      [ obj_cc2530dk/nullrdc.rel ]
/usr/local/sdcc/bin/../share/sdcc/lib/huge-stack-auto/libint.lib
                                          [ _divsint.rel ]
contiki-cc2530dk.lib                      [ obj_cc2530dk/nullsec.rel ]
/usr/local/sdcc/bin/../share/sdcc/lib/huge-stack-auto/libint.lib
                                          [ _divuint.rel ]
contiki-cc2530dk.lib                      [ obj_cc2530dk/rpl-timers.rel ]
contiki-cc2530dk.lib                      [ obj_cc2530dk/rpl-icmp6.rel ]
contiki-cc2530dk.lib                      [ obj_cc2530dk/sicslowpan.rel ]
/usr/local/sdcc/bin/../share/sdcc/lib/huge-stack-auto/libsdcc.lib
                                          [ _startup.rel ]
contiki-cc2530dk.lib                      [ obj_cc2530dk/mac-sequence.rel ]
/usr/local/sdcc/bin/../share/sdcc/lib/huge-stack-auto/libsdcc.lib
                                          [ printf_large.rel ]
/usr/local/sdcc/bin/../share/sdcc/lib/huge-stack-auto/libsdcc.lib
                                          [ _memmove.rel ]
/usr/local/sdcc/bin/../share/sdcc/lib/huge-stack-auto/libfloat.lib
                                          [ _fslt.rel ]
/usr/local/sdcc/bin/../share/sdcc/lib/huge-stack-auto/libfloat.lib
                                          [ _fsadd.rel ]
/usr/local/sdcc/bin/../share/sdcc/lib/huge-stack-auto/libfloat.lib
                                          [ _fscmp.rel ]
contiki-cc2530dk.lib                      [ obj_cc2530dk/rpl-mrhof.rel ]
contiki-cc2530dk.lib                      [ obj_cc2530dk/framer-802154.rel ]
contiki-cc2530dk.lib                      [ obj_cc2530dk/frame802154.rel ]
/usr/local/sdcc/bin/../share/sdcc/lib/huge-stack-auto/libfloat.lib
                                          [ _fsreturnval.rel ]
/usr/local/sdcc/bin/../share/sdcc/lib/huge-stack-auto/libfloat.lib
                                          [ _fsswapargs.rel ]
/usr/local/sdcc/bin/../share/sdcc/lib/huge-stack-auto/libfloat.lib
                                          [ _fsdiv.rel ]
/usr/local/sdcc/bin/../share/sdcc/lib/huge-stack-auto/libfloat.lib
                                          [ _fssub.rel ]
/usr/local/sdcc/bin/../share/sdcc/lib/huge-stack-auto/libfloat.lib
                                          [ _fsmul.rel ]
/usr/local/sdcc/bin/../share/sdcc/lib/huge-stack-auto/libfloat.lib
                                          [ _fsget2args.rel ]
/usr/local/sdcc/bin/../share/sdcc/lib/huge-stack-auto/libfloat.lib
                                          [ _fsrshift.rel ]
/usr/local/sdcc/bin/../share/sdcc/lib/huge-stack-auto/libfloat.lib
                                          [ _fsnormalize.rel ]
/usr/local/sdcc/bin/../share/sdcc/lib/huge-stack-auto/libfloat.lib
                                          [ _fs2ulong.rel ]
/usr/local/sdcc/bin/../share/sdcc/lib/huge-stack-auto/libfloat.lib
                                          [ _ulong2fs.rel ]
/usr/local/sdcc/bin/../share/sdcc/lib/huge-stack-auto/libfloat.lib
                                          [ _fsgt.rel ]
/usr/local/sdcc/bin/../share/sdcc/lib/huge-stack-auto/libfloat.lib
                                          [ _fsget1arg.rel ]
contiki-cc2530dk.lib                      [ obj_cc2530dk/framer.rel ]

ASxxxx Linker V03.00 + NoICE + sdld,  page 39.

User Base Address Definitions

HOME = 0x0000
ISEG = 0x0000
BSEG = 0x0000
BANK1=0x018000
BANK2=0x028000
BANK3=0x038000
BANK4=0x048000

